// Jest Snapshot v1, https://goo.gl/fbAQLP

exports[`<AppGroupsAddPopup> matches snapshot 1`] = `
<div
  className="app-groups-add-popup"
  onClick={[Function]}
>
  <div
    className="app-groups-add-popup-container"
  >
    <form
      className="h-100 d-flex flex-column"
      onSubmit={[Function]}
    >
      <div
        className="form-group"
      >
        <label
          htmlFor="group-name"
        >
          Name
        </label>
        <input
          className="form-control"
          id="group-name"
          name="group-name"
          onChange={[Function]}
          value=""
        />
      </div>
      <div
        className="form-group h-100 overflow-auto cursor-pointer"
        onBlur={[Function]}
        onClick={[Function]}
        onDragEnter={[Function]}
        onDragLeave={[Function]}
        onDragOver={[Function]}
        onDrop={[Function]}
        onFocus={[Function]}
        onKeyDown={[Function]}
        tabIndex={0}
        title="Add scripts"
      >
        <input
          accept=".psc"
          autoComplete="off"
          multiple={true}
          onChange={[Function]}
          onClick={[Function]}
          style={
            Object {
              "display": "none",
            }
          }
          tabIndex={-1}
          type="file"
        />
        Drop your scripts files here or click here
        <CSSTransition
          classNames="app-fade"
          in={false}
          mountOnEnter={true}
          timeout={150}
          unmountOnExit={true}
        >
          <div
            className="app-groups-is-dragging-container"
          >
            Drop files here...
          </div>
        </CSSTransition>
        <div
          className="app-groups-popup-scripts"
        />
      </div>
      <div
        className="app-groups-add-popup-form-actions"
      >
        <button
          className="btn btn-primary"
          type="submit"
        >
          Add
        </button>
        <button
          className="btn btn-secondary"
          onClick={[Function]}
          type="button"
        >
          Cancel
        </button>
      </div>
    </form>
  </div>
</div>
`;
