// Jest Snapshot v1, https://goo.gl/fbAQLP

exports[`<AppSidebar> matches snapshot 1`] = `
<div
  className="app-sidebar"
>
  <div
    className="app-sidebar-logo"
  >
    <img
      alt="app logo"
      src="papyrus-compiler-app-@2x.png"
    />
  </div>
  <div
    className="app-sidebar-links"
  >
    <AppSidebarLink
      to="/compilation"
    >
      <FontAwesomeIcon
        border={false}
        className=""
        fixedWidth={false}
        flip={null}
        icon="file-code"
        inverse={false}
        listItem={false}
        mask={null}
        pull={null}
        pulse={false}
        rotation={null}
        size={null}
        spin={false}
        symbol={false}
        title=""
        transform={null}
      />
    </AppSidebarLink>
    <AppSidebarLink
      to="/groups"
    >
      <FontAwesomeIcon
        border={false}
        className=""
        fixedWidth={false}
        flip={null}
        icon="layer-group"
        inverse={false}
        listItem={false}
        mask={null}
        pull={null}
        pulse={false}
        rotation={null}
        size={null}
        spin={false}
        symbol={false}
        title=""
        transform={null}
      />
    </AppSidebarLink>
    <AppSidebarLink
      to="/settings"
    >
      <FontAwesomeIcon
        border={false}
        className=""
        fixedWidth={false}
        flip={null}
        icon="cog"
        inverse={false}
        listItem={false}
        mask={null}
        pull={null}
        pulse={false}
        rotation={null}
        size={null}
        spin={false}
        symbol={false}
        title=""
        transform={null}
      />
    </AppSidebarLink>
  </div>
</div>
`;
