// Jest Snapshot v1, https://goo.gl/fbAQLP

exports[`<AppOpenLogFile> matches snapshot 1`] = `
<div
  className="app-open-log-file"
>
  <button
    className="btn btn-outline-secondary app-open-log-file-button-activate d-flex justify-content-center align-items-center"
    onClick={[Function]}
  >
    <FontAwesomeIcon
      border={false}
      className=""
      fixedWidth={false}
      flip={null}
      icon="file"
      inverse={false}
      listItem={false}
      mask={null}
      pull={null}
      pulse={false}
      rotation={null}
      size={null}
      spin={false}
      symbol={false}
      title=""
      transform={null}
    />
  </button>
</div>
`;
