// Jest Snapshot v1, https://goo.gl/fbAQLP

exports[`<AppContent> matches snapshot 1`] = `
<div
  className="app-content"
>
  <Connect(ConnectedRouterWithContext)
    history={
      Object {
        "action": "POP",
        "block": [Function],
        "createHref": [Function],
        "go": [Function],
        "goBack": [Function],
        "goForward": [Function],
        "length": 1,
        "listen": [Function],
        "location": Object {
          "hash": "",
          "pathname": "/",
          "search": "",
          "state": undefined,
        },
        "push": [Function],
        "replace": [Function],
      }
    }
  >
    <Switch>
      <Route
        component={
          Object {
            "$$typeof": Symbol(react.memo),
            "WrappedComponent": [Function],
            "compare": null,
            "displayName": "Connect(AppCompilation)",
            "type": [Function],
          }
        }
        key="/compilation"
        path="/compilation"
      />
      <Route
        component={
          Object {
            "$$typeof": Symbol(react.memo),
            "WrappedComponent": [Function],
            "compare": null,
            "displayName": "Connect(AppGroups)",
            "type": [Function],
          }
        }
        key="/groups"
        path="/groups"
      />
      <Route
        component={
          Object {
            "$$typeof": Symbol(react.memo),
            "WrappedComponent": [Function],
            "compare": null,
            "displayName": "Connect(AppSettings)",
            "type": [Function],
          }
        }
        key="/settings"
        path="/settings"
      />
      <Redirect
        to="/compilation"
      />
    </Switch>
  </Connect(ConnectedRouterWithContext)>
</div>
`;
